Microchip MPLAB XC8 Compiler V1.31 ()

Linker command line:

--edf=/opt/microchip/xc8/v1.31/dat/en_msgs.txt -cs \
  -h+dist/default/debug/pwm-fancontroller.X.debug.sym \
  --cmf=dist/default/debug/pwm-fancontroller.X.debug.cmf -z -Q18F45K50 \
  -o/tmp/cgtyBtRwt -Mdist/default/debug/pwm-fancontroller.X.debug.map -E1 \
  -ver=XC8 -ASTACK=078h-07ffh -pstack=STACK -ACODE=00h-07FFFh \
  -ACONST=00h-07FFFh -ASMALLCONST=0800h-08FFhx120 \
  -AMEDIUMCONST=0800h-07FFFh -ACOMRAM=01h-05Fh -AABS1=00h-07FFh \
  -ABIGRAM=01h-07FFh -ARAM=060h-0FFh,0100h-01FFhx7 -ABANK0=060h-0FFh \
  -ABANK1=0100h-01FFh -ABANK2=0200h-02FFh -ABANK3=0300h-03FFh \
  -ABANK4=0400h-04FFh -ABANK5=0500h-05FFh -ABANK6=0600h-06FFh \
  -ABANK7=0700h-07FFh -ASFR=0F53h-0F5Fh,0F60h-0FFCh \
  -preset_vec=00h,intcode,intcodelo,powerup,init,end_init -pramtop=0800h \
  -psmallconst=SMALLCONST -pmediumconst=MEDIUMCONST -pconst=CONST \
  -AFARRAM=00h-00h -ACONFIG=0300000h-030000Dh -pconfig=CONFIG \
  -AIDLOC=0200000h-0200007h -pidloc=IDLOC -AEEDATA=0F00000h-0F000FFh \
  -peeprom_data=EEDATA \
  -prdata=COMRAM,nvrram=COMRAM,nvbit=COMRAM,rbss=COMRAM,rbit=COMRAM \
  -pfarbss=FARRAM,fardata=FARRAM,nvFARRAM=FARRAM \
  -pintsave_regs=BIGRAM,bigbss=BIGRAM,bigdata=BIGRAM -pbss=RAM \
  -pidata=CODE,irdata=CODE,ibigdata=CODE,ifardata=CODE /tmp/cgtY3ZRo8.obj \
  dist/default/debug/pwm-fancontroller.X.debug.obj 

Object code version is 3.11

Machine type is 18F45K50

Call graph: (short form)




                Name                               Link     Load   Length Selector   Space Scale
/tmp/cgtY3ZRo8.obj
                end_init                              2        2        4        0       0
                reset_vec                             0        0        2        0       0
                idloc                            200000   200000        8   200000       0
                config                           300000   300000        E   300000       0
dist/default/debug/pwm-fancontroller.X.debug.obj
                smallconst                          800      800       2A      400       0
                text18                             152E     152E       20      415       0
                text17                             154E     154E       1E      415       0
                text16                             1212     1212       A8      415       0
                text15                             105A     105A       E6      415       0
                text14                             1508     1508       26      415       0
                text13                             14DC     14DC       2C      415       0
                text12                             14AC     14AC       30      415       0
                text11                             13DE     13DE       54      415       0
                text10                              A80      A80      1B8      415       0
                text9                               E6C      E6C       F8      415       0
                text8                              1472     1472       3A      415       0
                text7                              1140     1140       D2      415       0
                text6                              12BA     12BA       94      415       0
                text5                               C38      C38      12E      415       0
                text4                               82A      82A      256      415       0
                text3                              134E     134E       90      415       0
                text2                               F64      F64       F6      415       0
                text1                               D66      D66      106      415       0
                text0                              1432     1432       40      415       0
                cstackCOMRAM                          1        1       58        1       1
                cstackBANK0                          60       60       18       60       1
                bssCOMRAM                            59       59        2        1       1
                cinit                              156C     156C        E      415       0

TOTAL           Name                               Link     Load   Length     Space
        CLASS   STACK          

        CLASS   CODE           
                end_init                              2        2        4         0
                reset_vec                             0        0        2         0
                text18                             152E     152E       20         0
                text17                             154E     154E       1E         0
                text16                             1212     1212       A8         0
                text15                             105A     105A       E6         0
                text14                             1508     1508       26         0
                text13                             14DC     14DC       2C         0
                text12                             14AC     14AC       30         0
                text11                             13DE     13DE       54         0
                text10                              A80      A80      1B8         0
                text9                               E6C      E6C       F8         0
                text8                              1472     1472       3A         0
                text7                              1140     1140       D2         0
                text6                              12BA     12BA       94         0
                text5                               C38      C38      12E         0
                text4                               82A      82A      256         0
                text3                              134E     134E       90         0
                text2                               F64      F64       F6         0
                text1                               D66      D66      106         0
                text0                              1432     1432       40         0
                cinit                              156C     156C        E         0

        CLASS   CONST          

        CLASS   SMALLCONST     
                smallconst                          800      800       2A         0

        CLASS   MEDIUMCONST    

        CLASS   COMRAM         
                cstackCOMRAM                          1        1       58         1
                bssCOMRAM                            59       59        2         1

        CLASS   ABS1           

        CLASS   BIGRAM         

        CLASS   RAM            

        CLASS   BANK0          
                cstackBANK0                          60       60       18         1

        CLASS   BANK1          

        CLASS   BANK2          

        CLASS   BANK3          

        CLASS   BANK4          

        CLASS   BANK5          

        CLASS   BANK6          

        CLASS   BANK7          

        CLASS   SFR            

        CLASS   FARRAM         

        CLASS   CONFIG         
                config                           300000   300000        E         0

        CLASS   IDLOC          
                idloc                            200000   200000        8         0

        CLASS   EEDATA         



SEGMENTS        Name                           Load    Length   Top    Selector   Space  Class

                reset_vec                      000000  000006  000006         0       0  CODE    
                cstackCOMRAM                   000001  00005A  00005B         1       1  COMRAM  
                cstackBANK0                    000060  000018  000078        60       1  BANK0   
                smallconst                     000800  00002A  00082A       400       0  SMALLCON
                text4                          00082A  000D50  00157A       415       0  CODE    
                idloc                          200000  000008  200008    200000       0  IDLOC   
                config                         300000  00000E  30000E    300000       0  CONFIG  


UNUSED ADDRESS RANGES

        Name                Unused          Largest block    Delta
        BANK0            000078-0000FF               88
        BANK1            000100-0001FF              100
        BANK2            000200-0002FF              100
        BANK3            000300-0003FF              100
        BANK4            000400-0004FF              100
        BANK5            000500-0005FF              100
        BANK6            000600-0006FF              100
        BANK7            000700-0007FF              100
        BIGRAM           00005B-00005F                5
                         000078-0007FF              788
        CODE             000006-0007FF              7FA
                         00157A-007FFF             6A86
        COMRAM           00005B-00005F                5
        CONST            000006-0007FF              7FA
                         00157A-007FFF             6A86
        EEDATA           F00000-F000FF              100
        MEDIUMCONST      00157A-007FFF             6A86
        RAM              000078-0007FF              100
        SFR              000F53-000FFC                D
        SMALLCONST       00157A-007FFF              100
        STACK            000078-0007FF              788

                                  Symbol Table

?___awtoft                   cstackCOMRAM 000009
?___ftadd                    cstackCOMRAM 000011
?___ftdiv                    cstackCOMRAM 00001D
?___ftmul                    cstackCOMRAM 00002C
?___ftneg                    cstackCOMRAM 00000E
?___ftpack                   cstackCOMRAM 000001
?___fttol                    cstackCOMRAM 00003B
?___lwtoft                   cstackCOMRAM 000009
?___wmul                     cstackCOMRAM 000001
?_adc_convert                cstackCOMRAM 000001
?_eval_poly                  cstackCOMRAM 00003B
?_frexp                      cstackCOMRAM 000001
?_get_temperature            cstackCOMRAM 00004C
?_log                        cstackCOMRAM 000047
_ADCON0bits                  (abs)        000FC2
_ADCON1bits                  (abs)        000FC1
_ADCON2bits                  (abs)        000FC0
_ADC_RESOLUTION              smallconst   000801
_ADRESH                      (abs)        000FC4
_ADRESL                      (abs)        000FC3
_ANSELAbits                  (abs)        000F5B
_CCP1CON                     (abs)        000FBD
_CCP1CONbits                 (abs)        000FBD
_CCPR1L                      (abs)        000FBE
_ECCP1AS                     (abs)        000FB6
_MAX_DUTY_CYCLE              smallconst   00080A
_MAX_TEMP                    smallconst   000804
_MIN_DUTY_CYCLE              smallconst   00080C
_MIN_TEMP                    smallconst   000807
_PIR1bits                    (abs)        000F9E
_PR2                         (abs)        000FBB
_PSTR1CON                    (abs)        000FB9
_SSP1BUF                     (abs)        000FC9
_T2CON                       (abs)        000FBA
_TRISAbits                   (abs)        000F92
_TRISCbits                   (abs)        000F94
__CFG_CPUDIV$NOCLKDIV        (abs)        000000
__CFG_FOSC$INTOSCIO          (abs)        000000
__CFG_MCLRE$ON               (abs)        000000
__CFG_PBADEN$OFF             (abs)        000000
__CFG_WDTEN$OFF              (abs)        000000
__HRAM                       (abs)        000000
__Habs1                      abs1         000000
__Hbank0                     bank0        000000
__Hbank1                     bank1        000000
__Hbank2                     bank2        000000
__Hbank3                     bank3        000000
__Hbank4                     bank4        000000
__Hbank5                     bank5        000000
__Hbank6                     bank6        000000
__Hbank7                     bank7        000000
__Hbigbss                    bigbss       000000
__Hbigdata                   bigdata      000000
__Hbigram                    bigram       000000
__Hbss                       bss          000000
__HbssCOMRAM                 bssCOMRAM    000000
__Hcinit                     cinit        000000
__Hclrtext                   clrtext      000000
__Hcomram                    comram       000000
__Hconfig                    config       30000E
__Hconst                     const        000000
__HcstackBANK0               cstackBANK0  000000
__HcstackCOMRAM              cstackCOMRAM 000000
__Hdata                      data         000000
__Heeprom_data               eeprom_data  000000
__Hend_init                  end_init     000006
__Hfarbss                    farbss       000000
__Hfardata                   fardata      000000
__Hibigdata                  ibigdata     000000
__Hidata                     idata        000000
__Hidloc                     idloc        200008
__Hifardata                  ifardata     000000
__Hinit                      init         000002
__Hintcode                   intcode      000002
__Hintcode_body              intcode_body 000000
__Hintcodelo                 intcodelo    000002
__Hintentry                  intentry     000000
__Hintret                    intret       000000
__Hintsave_regs              intsave_regs 000000
__Hirdata                    irdata       000000
__Hmediumconst               mediumconst  000000
__HnvFARRAM                  nvFARRAM     000000
__Hnvbit                     nvbit        000000
__Hnvrram                    nvrram       000000
__Hparam                     rparam       000000
__Hpowerup                   powerup      000002
__Hram                       ram          000000
__Hramtop                    ramtop       000800
__Hrbit                      rbit         000000
__Hrbss                      rbss         000000
__Hrdata                     rdata        000000
__Hreset_vec                 reset_vec    000002
__Hrparam                    rparam       000000
__Hsfr                       sfr          000000
__Hsmallconst                smallconst   00082A
__Hstack                     stack        000000
__Hstruct                    struct       000000
__Htemp                      temp         000000
__Htext                      text         000000
__Htext0                     text0        000000
__Htext1                     text1        000000
__Htext10                    text10       000000
__Htext11                    text11       000000
__Htext12                    text12       000000
__Htext13                    text13       000000
__Htext14                    text14       000000
__Htext15                    text15       000000
__Htext16                    text16       000000
__Htext17                    text17       000000
__Htext18                    text18       000000
__Htext2                     text2        000000
__Htext3                     text3        000000
__Htext4                     text4        000000
__Htext5                     text5        000000
__Htext6                     text6        000000
__Htext7                     text7        000000
__Htext8                     text8        000000
__Htext9                     text9        000000
__LRAM                       (abs)        000001
__Labs1                      abs1         000000
__Lbank0                     bank0        000000
__Lbank1                     bank1        000000
__Lbank2                     bank2        000000
__Lbank3                     bank3        000000
__Lbank4                     bank4        000000
__Lbank5                     bank5        000000
__Lbank6                     bank6        000000
__Lbank7                     bank7        000000
__Lbigbss                    bigbss       000000
__Lbigdata                   bigdata      000000
__Lbigram                    bigram       000000
__Lbss                       bss          000000
__LbssCOMRAM                 bssCOMRAM    000000
__Lcinit                     cinit        000000
__Lclrtext                   clrtext      000000
__Lcomram                    comram       000000
__Lconfig                    config       300000
__Lconst                     const        000000
__LcstackBANK0               cstackBANK0  000000
__LcstackCOMRAM              cstackCOMRAM 000000
__Ldata                      data         000000
__Leeprom_data               eeprom_data  000000
__Lend_init                  end_init     000002
__Lfarbss                    farbss       000000
__Lfardata                   fardata      000000
__Libigdata                  ibigdata     000000
__Lidata                     idata        000000
__Lidloc                     idloc        200000
__Lifardata                  ifardata     000000
__Linit                      init         000002
__Lintcode                   intcode      000002
__Lintcode_body              intcode_body 000000
__Lintcodelo                 intcodelo    000002
__Lintentry                  intentry     000000
__Lintret                    intret       000000
__Lintsave_regs              intsave_regs 000000
__Lirdata                    irdata       000000
__Lmediumconst               mediumconst  000000
__LnvFARRAM                  nvFARRAM     000000
__Lnvbit                     nvbit        000000
__Lnvrram                    nvrram       000000
__Lparam                     rparam       000000
__Lpowerup                   powerup      000002
__Lram                       ram          000000
__Lramtop                    ramtop       000800
__Lrbit                      rbit         000000
__Lrbss                      rbss         000000
__Lrdata                     rdata        000000
__Lreset_vec                 reset_vec    000000
__Lrparam                    rparam       000000
__Lsfr                       sfr          000000
__Lsmallconst                smallconst   000800
__Lstack                     stack        000000
__Lstruct                    struct       000000
__Ltemp                      temp         000000
__Ltext                      text         000000
__Ltext0                     text0        000000
__Ltext1                     text1        000000
__Ltext10                    text10       000000
__Ltext11                    text11       000000
__Ltext12                    text12       000000
__Ltext13                    text13       000000
__Ltext14                    text14       000000
__Ltext15                    text15       000000
__Ltext16                    text16       000000
__Ltext17                    text17       000000
__Ltext18                    text18       000000
__Ltext2                     text2        000000
__Ltext3                     text3        000000
__Ltext4                     text4        000000
__Ltext5                     text5        000000
__Ltext6                     text6        000000
__Ltext7                     text7        000000
__Ltext8                     text8        000000
__Ltext9                     text9        000000
__S0                         (abs)        30000E
__S1                         (abs)        000078
__S2                         (abs)        000000
___awtoft                    text11       0013DE
___awtoft@c                  cstackCOMRAM 000009
___awtoft@sign               cstackCOMRAM 00000D
___ftadd                     text10       000A80
___ftadd@exp1                cstackCOMRAM 00001C
___ftadd@exp2                cstackCOMRAM 00001B
___ftadd@f1                  cstackCOMRAM 000011
___ftadd@f2                  cstackCOMRAM 000014
___ftadd@sign                cstackCOMRAM 00001A
___ftdiv                     text15       00105A
___ftdiv@cntr                cstackCOMRAM 000026
___ftdiv@exp                 cstackCOMRAM 00002A
___ftdiv@f1                  cstackCOMRAM 00001D
___ftdiv@f2                  cstackCOMRAM 000020
___ftdiv@f3                  cstackCOMRAM 000027
___ftdiv@sign                cstackCOMRAM 00002B
___ftge                      text3        00134E
___ftge@ff1                  cstackCOMRAM 000001
___ftge@ff2                  cstackCOMRAM 000004
___ftmul                     text9        000E6C
___ftmul@cntr                cstackCOMRAM 000039
___ftmul@exp                 cstackCOMRAM 000035
___ftmul@f1                  cstackCOMRAM 00002C
___ftmul@f2                  cstackCOMRAM 00002F
___ftmul@f3_as_product       cstackCOMRAM 000036
___ftmul@sign                cstackCOMRAM 00003A
___ftneg                     text14       001508
___ftneg@f1                  cstackCOMRAM 00000E
___ftpack                    text16       001212
___ftpack@arg                cstackCOMRAM 000001
___ftpack@exp                cstackCOMRAM 000004
___ftpack@sign               cstackCOMRAM 000005
___fttol                     text2        000F64
___fttol@exp1                cstackCOMRAM 000049
___fttol@f1                  cstackCOMRAM 00003B
___fttol@lval                cstackCOMRAM 000045
___fttol@sign1               cstackCOMRAM 000044
___inthi_sp                  stack        000000
___intlo_sp                  stack        000000
___lwtoft                    text13       0014DC
___lwtoft@c                  cstackCOMRAM 000009
___sp                        stack        000000
___wmul                      text8        001472
___wmul@multiplicand         cstackCOMRAM 000003
___wmul@multiplier           cstackCOMRAM 000001
___wmul@product              cstackCOMRAM 000005
__accesstop                  (abs)        000060
__activetblptr               (abs)        000002
__end_of_ADC_RESOLUTION      smallconst   000804
__end_of_MAX_DUTY_CYCLE      smallconst   00080C
__end_of_MAX_TEMP            smallconst   000807
__end_of_MIN_DUTY_CYCLE      smallconst   00080E
__end_of_MIN_TEMP            smallconst   00080A
__end_of___awtoft            text11       001432
__end_of___ftadd             text10       000C38
__end_of___ftdiv             text15       001140
__end_of___ftge              text3        0013DE
__end_of___ftmul             text9        000F64
__end_of___ftneg             text14       00152E
__end_of___ftpack            text16       0012BA
__end_of___fttol             text2        00105A
__end_of___lwtoft            text13       001508
__end_of___wmul              text8        0014AC
__end_of__initialization     cinit        001570
__end_of_adc_convert         text12       0014DC
__end_of_configure_adc       text18       00154E
__end_of_configure_pwm       text17       00156C
__end_of_eval_poly           text7        001212
__end_of_frexp               text6        00134E
__end_of_get_temperature     text4        000A80
__end_of_log                 text5        000D66
__end_of_main                text0        001472
__end_of_set_fan_speed       text1        000E6C
__end_oflog@coeff            smallconst   000829
__initialization             cinit        00156C
__mediumconst                mediumconst  000000
__pbssCOMRAM                 bssCOMRAM    000059
__pcinit                     cinit        00156C
__pcstackBANK0               cstackBANK0  000060
__pcstackCOMRAM              cstackCOMRAM 000001
__psmallconst                smallconst   000800
__ptext0                     text0        001432
__ptext1                     text1        000D66
__ptext10                    text10       000A80
__ptext11                    text11       0013DE
__ptext12                    text12       0014AC
__ptext13                    text13       0014DC
__ptext14                    text14       001508
__ptext15                    text15       00105A
__ptext16                    text16       001212
__ptext17                    text17       00154E
__ptext18                    text18       00152E
__ptext2                     text2        000F64
__ptext3                     text3        00134E
__ptext4                     text4        00082A
__ptext5                     text5        000C38
__ptext6                     text6        0012BA
__ptext7                     text7        001140
__ptext8                     text8        001472
__ptext9                     text9        000E6C
__ramtop                     ramtop       000800
__size_of___awtoft           (abs)        000000
__size_of___ftadd            (abs)        000000
__size_of___ftdiv            (abs)        000000
__size_of___ftge             (abs)        000000
__size_of___ftmul            (abs)        000000
__size_of___ftneg            (abs)        000000
__size_of___ftpack           (abs)        000000
__size_of___fttol            (abs)        000000
__size_of___lwtoft           (abs)        000000
__size_of___wmul             (abs)        000000
__size_of_adc_convert        (abs)        000000
__size_of_configure_adc      (abs)        000000
__size_of_configure_pwm      (abs)        000000
__size_of_eval_poly          (abs)        000000
__size_of_frexp              (abs)        000000
__size_of_get_temperature    (abs)        000000
__size_of_log                (abs)        000000
__size_of_main               (abs)        000000
__size_of_set_fan_speed      (abs)        000000
__smallconst                 smallconst   000800
_adc_convert                 text12       0014AC
_configure_adc               text18       00152E
_configure_pwm               text17       00154E
_errno                       bssCOMRAM    000059
_eval_poly                   text7        001140
_frexp                       text6        0012BA
_get_temperature             text4        00082A
_get_temperature$997         cstackBANK0  000066
_get_temperature$998         cstackBANK0  000069
_log                         text5        000C38
_main                        text0        001432
_set_fan_speed               text1        000D66
adc_convert@channel          cstackCOMRAM 000001
end_of_initialization        cinit        001570
eval_poly@d                  cstackCOMRAM 00003E
eval_poly@n                  cstackCOMRAM 000040
eval_poly@res                cstackCOMRAM 000044
eval_poly@x                  cstackCOMRAM 00003B
frexp@eptr                   cstackCOMRAM 000004
frexp@value                  cstackCOMRAM 000001
get_temperature@Bth          cstackBANK0  000073
get_temperature@R1           cstackBANK0  00006C
get_temperature@R2           cstackBANK0  000071
get_temperature@Rth          cstackBANK0  000063
get_temperature@Tn           cstackBANK0  00006E
get_temperature@Vout         cstackBANK0  000060
get_temperature@sensor       cstackCOMRAM 00004C
get_temperature@temp         cstackBANK0  000075
intlevel0                    text         000000
intlevel1                    text         000000
intlevel2                    text         000000
intlevel3                    text         000000
log@coeff                    smallconst   00080E
log@exponent                 cstackCOMRAM 00004A
log@x                        cstackCOMRAM 000047
main@temp                    cstackCOMRAM 000056
set_fan_speed@new_duty_cycle cstackCOMRAM 000051
set_fan_speed@tTemp          cstackCOMRAM 000053
set_fan_speed@temp           cstackCOMRAM 00004A
stackhi                      (abs)        0007FF
stacklo                      (abs)        000078
start                        init         000002
start_initialization         cinit        00156C


FUNCTION INFORMATION:

 *************** function _main *****************
 Defined at:
		line 125 in file "ntc_test.c"
 Parameters:    Size  Location     Type
		None
 Auto vars:     Size  Location     Type
  temp            3   85[COMRAM] float 
  data_in         1    0        unsigned char 
  data_out        1    0        unsigned char 
 Return value:  Size  Location     Type
		None               void
 Registers used:
		wreg, fsr2l, fsr2h, status,2, status,0, tblptrl, tblptrh, tblptru, prodl, prodh, cstack
 Tracked objects:
		On entry : 
		On exit  : 
		Unchanged: 
 Data sizes:     COMRAM   BANK0   BANK1   BANK2   BANK3   BANK4   BANK5   BANK6   BANK7
      Params:         0       0       0       0       0       0       0       0       0
      Locals:         3       0       0       0       0       0       0       0       0
      Temps:          0       0       0       0       0       0       0       0       0
      Totals:         3       0       0       0       0       0       0       0       0
Total ram usage:        3 bytes
 Hardware stack levels required when called:    5
 This function calls:
		_configure_adc
		_configure_pwm
		_get_temperature
		_set_fan_speed
 This function is called by:
		Startup code after reset
 This function uses a non-reentrant model


 *************** function _set_fan_speed *****************
 Defined at:
		line 104 in file "ntc_test.c"
 Parameters:    Size  Location     Type
  temp            3   73[COMRAM] float 
 Auto vars:     Size  Location     Type
  new_duty_cyc    2   80[COMRAM] int 
  tTemp           3   82[COMRAM] float 
 Return value:  Size  Location     Type
		None               void
 Registers used:
		wreg, status,2, status,0, tblptrl, tblptrh, tblptru, prodl, cstack
 Tracked objects:
		On entry : 
		On exit  : 
		Unchanged: 
 Data sizes:     COMRAM   BANK0   BANK1   BANK2   BANK3   BANK4   BANK5   BANK6   BANK7
      Params:         3       0       0       0       0       0       0       0       0
      Locals:         5       0       0       0       0       0       0       0       0
      Temps:          4       0       0       0       0       0       0       0       0
      Totals:        12       0       0       0       0       0       0       0       0
Total ram usage:       12 bytes
 Hardware stack levels used:    1
 Hardware stack levels required when called:    2
 This function calls:
		___awtoft
		___ftdiv
		___ftge
		___ftmul
		___fttol
 This function is called by:
		_main
 This function uses a non-reentrant model


 *************** function ___fttol *****************
 Defined at:
		line 44 in file "/opt/microchip/xc8/v1.31/sources/common/fttol.c"
 Parameters:    Size  Location     Type
  f1              3   58[COMRAM] float 
 Auto vars:     Size  Location     Type
  lval            4   68[COMRAM] unsigned long 
  exp1            1   72[COMRAM] unsigned char 
  sign1           1   67[COMRAM] unsigned char 
 Return value:  Size  Location     Type
                  4   58[COMRAM] long 
 Registers used:
		wreg, status,2, status,0
 Tracked objects:
		On entry : 
		On exit  : 
		Unchanged: 
 Data sizes:     COMRAM   BANK0   BANK1   BANK2   BANK3   BANK4   BANK5   BANK6   BANK7
      Params:         4       0       0       0       0       0       0       0       0
      Locals:         6       0       0       0       0       0       0       0       0
      Temps:          5       0       0       0       0       0       0       0       0
      Totals:        15       0       0       0       0       0       0       0       0
Total ram usage:       15 bytes
 Hardware stack levels used:    1
 This function calls:
		Nothing
 This function is called by:
		_set_fan_speed
 This function uses a non-reentrant model


 *************** function ___ftge *****************
 Defined at:
		line 4 in file "/opt/microchip/xc8/v1.31/sources/common/ftge.c"
 Parameters:    Size  Location     Type
  ff1             3    0[COMRAM] float 
  ff2             3    3[COMRAM] float 
 Auto vars:     Size  Location     Type
		None
 Return value:  Size  Location     Type
		None               void
 Registers used:
		wreg, status,2, status,0
 Tracked objects:
		On entry : 
		On exit  : 
		Unchanged: 
 Data sizes:     COMRAM   BANK0   BANK1   BANK2   BANK3   BANK4   BANK5   BANK6   BANK7
      Params:         6       0       0       0       0       0       0       0       0
      Locals:         0       0       0       0       0       0       0       0       0
      Temps:          3       0       0       0       0       0       0       0       0
      Totals:         9       0       0       0       0       0       0       0       0
Total ram usage:        9 bytes
 Hardware stack levels used:    1
 This function calls:
		Nothing
 This function is called by:
		_set_fan_speed
 This function uses a non-reentrant model


 *************** function _get_temperature *****************
 Defined at:
		line 25 in file "ntc_temperature.h"
 Parameters:    Size  Location     Type
  sensor          2   75[COMRAM] int 
 Auto vars:     Size  Location     Type
  temp            3   21[BANK0 ] float 
  Tn              3   14[BANK0 ] float 
  Rth             3    3[BANK0 ] float 
  Vout            3    0[BANK0 ] float 
  Bth             2   19[BANK0 ] unsigned int 
  R2              2   17[BANK0 ] unsigned int 
  R1              2   12[BANK0 ] unsigned int 
 Return value:  Size  Location     Type
                  3   75[COMRAM] float 
 Registers used:
		wreg, fsr2l, fsr2h, status,2, status,0, tblptrl, tblptrh, tblptru, prodl, prodh, cstack
 Tracked objects:
		On entry : 
		On exit  : 
		Unchanged: 
 Data sizes:     COMRAM   BANK0   BANK1   BANK2   BANK3   BANK4   BANK5   BANK6   BANK7
      Params:         3       0       0       0       0       0       0       0       0
      Locals:         0      24       0       0       0       0       0       0       0
      Temps:          0       0       0       0       0       0       0       0       0
      Totals:         3      24       0       0       0       0       0       0       0
Total ram usage:       27 bytes
 Hardware stack levels used:    1
 Hardware stack levels required when called:    4
 This function calls:
		___ftadd
		___ftdiv
		___ftmul
		___ftneg
		___lwtoft
		___wmul
		_adc_convert
		_log
 This function is called by:
		_main
 This function uses a non-reentrant model


 *************** function _log *****************
 Defined at:
		line 5 in file "/opt/microchip/xc8/v1.31/sources/common/log.c"
 Parameters:    Size  Location     Type
  x               3   70[COMRAM] float 
 Auto vars:     Size  Location     Type
  exponent        2   73[COMRAM] int 
 Return value:  Size  Location     Type
                  3   70[COMRAM] int 
 Registers used:
		wreg, fsr2l, fsr2h, status,2, status,0, tblptrl, tblptrh, tblptru, prodl, prodh, cstack
 Tracked objects:
		On entry : 
		On exit  : 
		Unchanged: 
 Data sizes:     COMRAM   BANK0   BANK1   BANK2   BANK3   BANK4   BANK5   BANK6   BANK7
      Params:         3       0       0       0       0       0       0       0       0
      Locals:         2       0       0       0       0       0       0       0       0
      Temps:          0       0       0       0       0       0       0       0       0
      Totals:         5       0       0       0       0       0       0       0       0
Total ram usage:        5 bytes
 Hardware stack levels used:    1
 Hardware stack levels required when called:    3
 This function calls:
		___awtoft
		___ftadd
		___ftmul
		_eval_poly
		_frexp
 This function is called by:
		_get_temperature
 This function uses a non-reentrant model


 *************** function _frexp *****************
 Defined at:
		line 254 in file "/opt/microchip/xc8/v1.31/sources/common/frexp.c"
 Parameters:    Size  Location     Type
  value           3    0[COMRAM] int 
  eptr            2    3[COMRAM] PTR int 
		 -> log@exponent(2), 
 Auto vars:     Size  Location     Type
		None
 Return value:  Size  Location     Type
                  3    0[COMRAM] PTR int 
 Registers used:
		wreg, fsr2l, fsr2h, status,2, status,0
 Tracked objects:
		On entry : 
		On exit  : 
		Unchanged: 
 Data sizes:     COMRAM   BANK0   BANK1   BANK2   BANK3   BANK4   BANK5   BANK6   BANK7
      Params:         5       0       0       0       0       0       0       0       0
      Locals:         0       0       0       0       0       0       0       0       0
      Temps:          3       0       0       0       0       0       0       0       0
      Totals:         8       0       0       0       0       0       0       0       0
Total ram usage:        8 bytes
 Hardware stack levels used:    1
 This function calls:
		Nothing
 This function is called by:
		_log
 This function uses a non-reentrant model


 *************** function _eval_poly *****************
 Defined at:
		line 4 in file "/opt/microchip/xc8/v1.31/sources/common/evalpoly.c"
 Parameters:    Size  Location     Type
  x               3   58[COMRAM] PTR int 
  d               2   61[COMRAM] PTR const 
		 -> log@coeff(27), 
  n               2   63[COMRAM] int 
 Auto vars:     Size  Location     Type
  res             3   67[COMRAM] int 
 Return value:  Size  Location     Type
                  3   58[COMRAM] int 
 Registers used:
		wreg, status,2, status,0, tblptrl, tblptrh, tblptru, prodl, prodh, cstack
 Tracked objects:
		On entry : 
		On exit  : 
		Unchanged: 
 Data sizes:     COMRAM   BANK0   BANK1   BANK2   BANK3   BANK4   BANK5   BANK6   BANK7
      Params:         7       0       0       0       0       0       0       0       0
      Locals:         3       0       0       0       0       0       0       0       0
      Temps:          2       0       0       0       0       0       0       0       0
      Totals:        12       0       0       0       0       0       0       0       0
Total ram usage:       12 bytes
 Hardware stack levels used:    1
 Hardware stack levels required when called:    2
 This function calls:
		___ftadd
		___ftmul
		___wmul
 This function is called by:
		_log
 This function uses a non-reentrant model


 *************** function ___wmul *****************
 Defined at:
		line 3 in file "/opt/microchip/xc8/v1.31/sources/common/wmul.c"
 Parameters:    Size  Location     Type
  multiplier      2    0[COMRAM] unsigned int 
  multiplicand    2    2[COMRAM] unsigned int 
 Auto vars:     Size  Location     Type
  product         2    4[COMRAM] unsigned int 
 Return value:  Size  Location     Type
                  2    0[COMRAM] unsigned int 
 Registers used:
		wreg, status,2, status,0, prodl, prodh
 Tracked objects:
		On entry : 
		On exit  : 
		Unchanged: 
 Data sizes:     COMRAM   BANK0   BANK1   BANK2   BANK3   BANK4   BANK5   BANK6   BANK7
      Params:         4       0       0       0       0       0       0       0       0
      Locals:         2       0       0       0       0       0       0       0       0
      Temps:          0       0       0       0       0       0       0       0       0
      Totals:         6       0       0       0       0       0       0       0       0
Total ram usage:        6 bytes
 Hardware stack levels used:    1
 This function calls:
		Nothing
 This function is called by:
		_get_temperature
		_eval_poly
 This function uses a non-reentrant model


 *************** function ___ftmul *****************
 Defined at:
		line 51 in file "/opt/microchip/xc8/v1.31/sources/common/ftmul.c"
 Parameters:    Size  Location     Type
  f1              3   43[COMRAM] float 
  f2              3   46[COMRAM] float 
 Auto vars:     Size  Location     Type
  f3_as_produc    3   53[COMRAM] unsigned um
  sign            1   57[COMRAM] unsigned char 
  cntr            1   56[COMRAM] unsigned char 
  exp             1   52[COMRAM] unsigned char 
 Return value:  Size  Location     Type
                  3   43[COMRAM] float 
 Registers used:
		wreg, status,2, status,0, cstack
 Tracked objects:
		On entry : 
		On exit  : 
		Unchanged: 
 Data sizes:     COMRAM   BANK0   BANK1   BANK2   BANK3   BANK4   BANK5   BANK6   BANK7
      Params:         6       0       0       0       0       0       0       0       0
      Locals:         6       0       0       0       0       0       0       0       0
      Temps:          3       0       0       0       0       0       0       0       0
      Totals:        15       0       0       0       0       0       0       0       0
Total ram usage:       15 bytes
 Hardware stack levels used:    1
 Hardware stack levels required when called:    1
 This function calls:
		___ftpack
 This function is called by:
		_get_temperature
		_set_fan_speed
		_log
		_eval_poly
 This function uses a non-reentrant model


 *************** function ___ftadd *****************
 Defined at:
		line 86 in file "/opt/microchip/xc8/v1.31/sources/common/ftadd.c"
 Parameters:    Size  Location     Type
  f1              3   16[COMRAM] float 
  f2              3   19[COMRAM] float 
 Auto vars:     Size  Location     Type
  exp1            1   27[COMRAM] unsigned char 
  exp2            1   26[COMRAM] unsigned char 
  sign            1   25[COMRAM] unsigned char 
 Return value:  Size  Location     Type
                  3   16[COMRAM] float 
 Registers used:
		wreg, status,2, status,0, cstack
 Tracked objects:
		On entry : 
		On exit  : 
		Unchanged: 
 Data sizes:     COMRAM   BANK0   BANK1   BANK2   BANK3   BANK4   BANK5   BANK6   BANK7
      Params:         6       0       0       0       0       0       0       0       0
      Locals:         3       0       0       0       0       0       0       0       0
      Temps:          3       0       0       0       0       0       0       0       0
      Totals:        12       0       0       0       0       0       0       0       0
Total ram usage:       12 bytes
 Hardware stack levels used:    1
 Hardware stack levels required when called:    1
 This function calls:
		___ftpack
 This function is called by:
		_get_temperature
		_log
		_eval_poly
 This function uses a non-reentrant model


 *************** function ___awtoft *****************
 Defined at:
		line 32 in file "/opt/microchip/xc8/v1.31/sources/common/awtoft.c"
 Parameters:    Size  Location     Type
  c               2    8[COMRAM] int 
 Auto vars:     Size  Location     Type
  sign            1   12[COMRAM] unsigned char 
 Return value:  Size  Location     Type
                  3    8[COMRAM] float 
 Registers used:
		wreg, status,2, status,0, prodl, cstack
 Tracked objects:
		On entry : 
		On exit  : 
		Unchanged: 
 Data sizes:     COMRAM   BANK0   BANK1   BANK2   BANK3   BANK4   BANK5   BANK6   BANK7
      Params:         3       0       0       0       0       0       0       0       0
      Locals:         1       0       0       0       0       0       0       0       0
      Temps:          1       0       0       0       0       0       0       0       0
      Totals:         5       0       0       0       0       0       0       0       0
Total ram usage:        5 bytes
 Hardware stack levels used:    1
 Hardware stack levels required when called:    1
 This function calls:
		___ftpack
 This function is called by:
		_set_fan_speed
		_log
 This function uses a non-reentrant model


 *************** function _adc_convert *****************
 Defined at:
		line 12 in file "ntc_temperature.h"
 Parameters:    Size  Location     Type
  channel         2    0[COMRAM] int 
 Auto vars:     Size  Location     Type
		None
 Return value:  Size  Location     Type
                  2    0[COMRAM] unsigned int 
 Registers used:
		wreg, status,2, status,0
 Tracked objects:
		On entry : 
		On exit  : 
		Unchanged: 
 Data sizes:     COMRAM   BANK0   BANK1   BANK2   BANK3   BANK4   BANK5   BANK6   BANK7
      Params:         2       0       0       0       0       0       0       0       0
      Locals:         0       0       0       0       0       0       0       0       0
      Temps:          2       0       0       0       0       0       0       0       0
      Totals:         4       0       0       0       0       0       0       0       0
Total ram usage:        4 bytes
 Hardware stack levels used:    1
 This function calls:
		Nothing
 This function is called by:
		_get_temperature
 This function uses a non-reentrant model


 *************** function ___lwtoft *****************
 Defined at:
		line 28 in file "/opt/microchip/xc8/v1.31/sources/common/lwtoft.c"
 Parameters:    Size  Location     Type
  c               2    8[COMRAM] unsigned int 
 Auto vars:     Size  Location     Type
		None
 Return value:  Size  Location     Type
                  3    8[COMRAM] float 
 Registers used:
		wreg, status,2, status,0, cstack
 Tracked objects:
		On entry : 
		On exit  : 
		Unchanged: 
 Data sizes:     COMRAM   BANK0   BANK1   BANK2   BANK3   BANK4   BANK5   BANK6   BANK7
      Params:         3       0       0       0       0       0       0       0       0
      Locals:         0       0       0       0       0       0       0       0       0
      Temps:          2       0       0       0       0       0       0       0       0
      Totals:         5       0       0       0       0       0       0       0       0
Total ram usage:        5 bytes
 Hardware stack levels used:    1
 Hardware stack levels required when called:    1
 This function calls:
		___ftpack
 This function is called by:
		_get_temperature
 This function uses a non-reentrant model


 *************** function ___ftneg *****************
 Defined at:
		line 15 in file "/opt/microchip/xc8/v1.31/sources/common/ftneg.c"
 Parameters:    Size  Location     Type
  f1              3   13[COMRAM] float 
 Auto vars:     Size  Location     Type
		None
 Return value:  Size  Location     Type
                  3   13[COMRAM] float 
 Registers used:
		wreg, status,2, status,0
 Tracked objects:
		On entry : 
		On exit  : 
		Unchanged: 
 Data sizes:     COMRAM   BANK0   BANK1   BANK2   BANK3   BANK4   BANK5   BANK6   BANK7
      Params:         3       0       0       0       0       0       0       0       0
      Locals:         0       0       0       0       0       0       0       0       0
      Temps:          0       0       0       0       0       0       0       0       0
      Totals:         3       0       0       0       0       0       0       0       0
Total ram usage:        3 bytes
 Hardware stack levels used:    1
 This function calls:
		Nothing
 This function is called by:
		_get_temperature
 This function uses a non-reentrant model


 *************** function ___ftdiv *****************
 Defined at:
		line 49 in file "/opt/microchip/xc8/v1.31/sources/common/ftdiv.c"
 Parameters:    Size  Location     Type
  f1              3   28[COMRAM] float 
  f2              3   31[COMRAM] float 
 Auto vars:     Size  Location     Type
  f3              3   38[COMRAM] float 
  sign            1   42[COMRAM] unsigned char 
  exp             1   41[COMRAM] unsigned char 
  cntr            1   37[COMRAM] unsigned char 
 Return value:  Size  Location     Type
                  3   28[COMRAM] float 
 Registers used:
		wreg, status,2, status,0, cstack
 Tracked objects:
		On entry : 
		On exit  : 
		Unchanged: 
 Data sizes:     COMRAM   BANK0   BANK1   BANK2   BANK3   BANK4   BANK5   BANK6   BANK7
      Params:         6       0       0       0       0       0       0       0       0
      Locals:         6       0       0       0       0       0       0       0       0
      Temps:          3       0       0       0       0       0       0       0       0
      Totals:        15       0       0       0       0       0       0       0       0
Total ram usage:       15 bytes
 Hardware stack levels used:    1
 Hardware stack levels required when called:    1
 This function calls:
		___ftpack
 This function is called by:
		_get_temperature
		_set_fan_speed
 This function uses a non-reentrant model


 *************** function ___ftpack *****************
 Defined at:
		line 62 in file "/opt/microchip/xc8/v1.31/sources/common/float.c"
 Parameters:    Size  Location     Type
  arg             3    0[COMRAM] unsigned um
  exp             1    3[COMRAM] unsigned char 
  sign            1    4[COMRAM] unsigned char 
 Auto vars:     Size  Location     Type
		None
 Return value:  Size  Location     Type
                  3    0[COMRAM] float 
 Registers used:
		wreg, status,2, status,0
 Tracked objects:
		On entry : 
		On exit  : 
		Unchanged: 
 Data sizes:     COMRAM   BANK0   BANK1   BANK2   BANK3   BANK4   BANK5   BANK6   BANK7
      Params:         5       0       0       0       0       0       0       0       0
      Locals:         0       0       0       0       0       0       0       0       0
      Temps:          3       0       0       0       0       0       0       0       0
      Totals:         8       0       0       0       0       0       0       0       0
Total ram usage:        8 bytes
 Hardware stack levels used:    1
 This function calls:
		Nothing
 This function is called by:
		___awtoft
		___ftadd
		___ftdiv
		___ftmul
		___lwtoft
 This function uses a non-reentrant model


 *************** function _configure_pwm *****************
 Defined at:
		line 90 in file "ntc_test.c"
 Parameters:    Size  Location     Type
		None
 Auto vars:     Size  Location     Type
		None
 Return value:  Size  Location     Type
		None               void
 Registers used:
		wreg, status,2
 Tracked objects:
		On entry : 
		On exit  : 
		Unchanged: 
 Data sizes:     COMRAM   BANK0   BANK1   BANK2   BANK3   BANK4   BANK5   BANK6   BANK7
      Params:         0       0       0       0       0       0       0       0       0
      Locals:         0       0       0       0       0       0       0       0       0
      Temps:          0       0       0       0       0       0       0       0       0
      Totals:         0       0       0       0       0       0       0       0       0
Total ram usage:        0 bytes
 Hardware stack levels used:    1
 This function calls:
		Nothing
 This function is called by:
		_main
 This function uses a non-reentrant model


 *************** function _configure_adc *****************
 Defined at:
		line 72 in file "ntc_test.c"
 Parameters:    Size  Location     Type
		None
 Auto vars:     Size  Location     Type
		None
 Return value:  Size  Location     Type
		None               void
 Registers used:
		wreg, status,2
 Tracked objects:
		On entry : 
		On exit  : 
		Unchanged: 
 Data sizes:     COMRAM   BANK0   BANK1   BANK2   BANK3   BANK4   BANK5   BANK6   BANK7
      Params:         0       0       0       0       0       0       0       0       0
      Locals:         0       0       0       0       0       0       0       0       0
      Temps:          0       0       0       0       0       0       0       0       0
      Totals:         0       0       0       0       0       0       0       0       0
Total ram usage:        0 bytes
 Hardware stack levels used:    1
 This function calls:
		Nothing
 This function is called by:
		_main
 This function uses a non-reentrant model



MODULE INFORMATION

Module		Function		Class		Link	Load	Size
ntc_temperature.h
		_adc_convert   		CODE           	14AC	0000	48
		_get_temperatur		CODE           	082A	0000	598

ntc_temperature.h estimated size: 646

/opt/microchip/xc8/v1.31/sources/common/log.c
		_log           		CODE           	0C38	0000	302

/opt/microchip/xc8/v1.31/sources/common/log.c estimated size: 302

/opt/microchip/xc8/v1.31/sources/common/awtoft.c
		___awtoft      		CODE           	13DE	0000	84

/opt/microchip/xc8/v1.31/sources/common/awtoft.c estimated size: 84

/opt/microchip/xc8/v1.31/sources/common/ftadd.c
		___ftadd       		CODE           	0A80	0000	440

/opt/microchip/xc8/v1.31/sources/common/ftadd.c estimated size: 440

shared
		_MIN_TEMP      		SMALLCONST     	0807	0000	3
		_MAX_DUTY_CYCLE		SMALLCONST     	080A	0000	2
		_MAX_TEMP      		SMALLCONST     	0804	0000	3
		_ADC_RESOLUTION		SMALLCONST     	0801	0000	3
		__initializatio		CODE           	156C	0000	4
		log@coeff      		SMALLCONST     	080E	0000	27
		_MIN_DUTY_CYCLE		SMALLCONST     	080C	0000	2

shared estimated size: 44

/opt/microchip/xc8/v1.31/sources/common/float.c
		___ftpack      		CODE           	1212	0000	168

/opt/microchip/xc8/v1.31/sources/common/float.c estimated size: 168

/opt/microchip/xc8/v1.31/sources/common/lwtoft.c
		___lwtoft      		CODE           	14DC	0000	44

/opt/microchip/xc8/v1.31/sources/common/lwtoft.c estimated size: 44

/opt/microchip/xc8/v1.31/sources/common/frexp.c
		_frexp         		CODE           	12BA	0000	148

/opt/microchip/xc8/v1.31/sources/common/frexp.c estimated size: 148

/opt/microchip/xc8/v1.31/sources/common/evalpoly.c
		_eval_poly     		CODE           	1140	0000	210

/opt/microchip/xc8/v1.31/sources/common/evalpoly.c estimated size: 210

ntc_test.c
		_configure_adc 		CODE           	152E	0000	32
		_configure_pwm 		CODE           	154E	0000	30
		_main          		CODE           	1432	0000	64
		_set_fan_speed 		CODE           	0D66	0000	262

ntc_test.c estimated size: 388

/opt/microchip/xc8/v1.31/sources/common/ftdiv.c
		___ftdiv       		CODE           	105A	0000	230

/opt/microchip/xc8/v1.31/sources/common/ftdiv.c estimated size: 230

/opt/microchip/xc8/v1.31/sources/common/ftneg.c
		___ftneg       		CODE           	1508	0000	38

/opt/microchip/xc8/v1.31/sources/common/ftneg.c estimated size: 38

/opt/microchip/xc8/v1.31/sources/common/ftge.c
		___ftge        		CODE           	134E	0000	144

/opt/microchip/xc8/v1.31/sources/common/ftge.c estimated size: 144

/opt/microchip/xc8/v1.31/sources/common/wmul.c
		___wmul        		CODE           	1472	0000	58

/opt/microchip/xc8/v1.31/sources/common/wmul.c estimated size: 58

/opt/microchip/xc8/v1.31/sources/common/ftmul.c
		___ftmul       		CODE           	0E6C	0000	248

/opt/microchip/xc8/v1.31/sources/common/ftmul.c estimated size: 248

/opt/microchip/xc8/v1.31/sources/common/fttol.c
		___fttol       		CODE           	0F64	0000	246

/opt/microchip/xc8/v1.31/sources/common/fttol.c estimated size: 246

