Microchip MPLAB XC8 Compiler V1.31 ()

Linker command line:

--edf=/opt/microchip/xc8/v1.31/dat/en_msgs.txt -cs \
  -h+dist/default/production/pwm-fancontroller.X.production.sym \
  --cmf=dist/default/production/pwm-fancontroller.X.production.cmf -z \
  -Q18F45K50 -o/tmp/cgtvb3j9z \
  -Mdist/default/production/pwm-fancontroller.X.production.map -E1 -ver=XC8 \
  -ASTACK=078h-07ffh -pstack=STACK -ACODE=00h-07FFFh -ACONST=00h-07FFFh \
  -ASMALLCONST=0800h-08FFhx120 -AMEDIUMCONST=0800h-07FFFh -ACOMRAM=01h-05Fh \
  -AABS1=00h-07FFh -ABIGRAM=01h-07FFh -ARAM=060h-0FFh,0100h-01FFhx7 \
  -ABANK0=060h-0FFh -ABANK1=0100h-01FFh -ABANK2=0200h-02FFh \
  -ABANK3=0300h-03FFh -ABANK4=0400h-04FFh -ABANK5=0500h-05FFh \
  -ABANK6=0600h-06FFh -ABANK7=0700h-07FFh -ASFR=0F53h-0F5Fh,0F60h-0FFFh \
  -preset_vec=00h,intcode,intcodelo,powerup,init,end_init -pramtop=0800h \
  -psmallconst=SMALLCONST -pmediumconst=MEDIUMCONST -pconst=CONST \
  -AFARRAM=00h-00h -ACONFIG=0300000h-030000Dh -pconfig=CONFIG \
  -AIDLOC=0200000h-0200007h -pidloc=IDLOC -AEEDATA=0F00000h-0F000FFh \
  -peeprom_data=EEDATA \
  -prdata=COMRAM,nvrram=COMRAM,nvbit=COMRAM,rbss=COMRAM,rbit=COMRAM \
  -pfarbss=FARRAM,fardata=FARRAM,nvFARRAM=FARRAM \
  -pintsave_regs=BIGRAM,bigbss=BIGRAM,bigdata=BIGRAM -pbss=RAM \
  -pidata=CODE,irdata=CODE,ibigdata=CODE,ifardata=CODE /tmp/cgtmFA837.obj \
  dist/default/production/pwm-fancontroller.X.production.obj 

Object code version is 3.11

Machine type is 18F45K50

Call graph: (short form)




                Name                               Link     Load   Length Selector   Space Scale
/tmp/cgtmFA837.obj
                end_init                              0        0        4        0       0
                idloc                            200000   200000        8   200000       0
                config                           300000   300000        E   300000       0
dist/default/production/pwm-fancontroller.X.production.obj
                smallconst                          800      800       20      400       0
                text16                             1358     1358       90      410       0
                text15                             14F8     14F8       20      410       0
                text14                             1518     1518       12      410       0
                text13                             121C     121C       A8      410       0
                text12                             1064     1064       E6      410       0
                text11                             14D2     14D2       26      410       0
                text10                             14A6     14A6       2C      410       0
                text9                              1476     1476       30      410       0
                text8                              13E8     13E8       54      410       0
                text7                               C86      C86      1B8      410       0
                text6                               F6C      F6C       F8      410       0
                text5                              143C     143C       3A      410       0
                text4                              114A     114A       D2      410       0
                text3                              12C4     12C4       94      410       0
                text2                               E3E      E3E      12E      410       0
                text1                               820      820      256      410       0
                text0                               A76      A76      210      410       0
                cstackCOMRAM                          1        1       51        1       1
                cstackBANK0                          60       60       18       60       1
                bssCOMRAM                            52       52        2        1       1
                cinit                              152A     152A        E      410       0

TOTAL           Name                               Link     Load   Length     Space
        CLASS   STACK          

        CLASS   CODE           
                end_init                              0        0        4         0
                text16                             1358     1358       90         0
                text15                             14F8     14F8       20         0
                text14                             1518     1518       12         0
                text13                             121C     121C       A8         0
                text12                             1064     1064       E6         0
                text11                             14D2     14D2       26         0
                text10                             14A6     14A6       2C         0
                text9                              1476     1476       30         0
                text8                              13E8     13E8       54         0
                text7                               C86      C86      1B8         0
                text6                               F6C      F6C       F8         0
                text5                              143C     143C       3A         0
                text4                              114A     114A       D2         0
                text3                              12C4     12C4       94         0
                text2                               E3E      E3E      12E         0
                text1                               820      820      256         0
                text0                               A76      A76      210         0
                cinit                              152A     152A        E         0

        CLASS   CONST          

        CLASS   SMALLCONST     
                smallconst                          800      800       20         0

        CLASS   MEDIUMCONST    

        CLASS   COMRAM         
                cstackCOMRAM                          1        1       51         1
                bssCOMRAM                            52       52        2         1

        CLASS   ABS1           

        CLASS   BIGRAM         

        CLASS   RAM            

        CLASS   BANK0          
                cstackBANK0                          60       60       18         1

        CLASS   BANK1          

        CLASS   BANK2          

        CLASS   BANK3          

        CLASS   BANK4          

        CLASS   BANK5          

        CLASS   BANK6          

        CLASS   BANK7          

        CLASS   SFR            

        CLASS   FARRAM         

        CLASS   CONFIG         
                config                           300000   300000        E         0

        CLASS   IDLOC          
                idloc                            200000   200000        8         0

        CLASS   EEDATA         



SEGMENTS        Name                           Load    Length   Top    Selector   Space  Class

                reset_vec                      000000  000004  000004         0       0  CODE    
                cstackCOMRAM                   000001  000053  000054         1       1  COMRAM  
                cstackBANK0                    000060  000018  000078        60       1  BANK0   
                smallconst                     000800  000020  000820       400       0  SMALLCON
                text1                          000820  000D18  001538       410       0  CODE    
                idloc                          200000  000008  200008    200000       0  IDLOC   
                config                         300000  00000E  30000E    300000       0  CONFIG  


UNUSED ADDRESS RANGES

        Name                Unused          Largest block    Delta
        BANK0            000078-0000FF               88
        BANK1            000100-0001FF              100
        BANK2            000200-0002FF              100
        BANK3            000300-0003FF              100
        BANK4            000400-0004FF              100
        BANK5            000500-0005FF              100
        BANK6            000600-0006FF              100
        BANK7            000700-0007FF              100
        BIGRAM           000054-00005F                C
                         000078-0007FF              788
        CODE             000004-0007FF              7FC
                         001538-007FFF             6AC8
        COMRAM           000054-00005F                C
        CONST            000004-0007FF              7FC
                         001538-007FFF             6AC8
        EEDATA           F00000-F000FF              100
        MEDIUMCONST      001538-007FFF             6AC8
        RAM              000078-0007FF              100
        SFR              000F53-000FFF                D
        SMALLCONST       001538-007FFF              100
        STACK            000078-0007FF              788

                                  Symbol Table

?___awtoft                cstackCOMRAM 000009
?___ftadd                 cstackCOMRAM 000011
?___ftdiv                 cstackCOMRAM 00001D
?___ftmul                 cstackCOMRAM 00002C
?___ftneg                 cstackCOMRAM 00000E
?___ftpack                cstackCOMRAM 000001
?___lwtoft                cstackCOMRAM 000009
?___wmul                  cstackCOMRAM 000001
?_adc_convert             cstackCOMRAM 000001
?_eval_poly               cstackCOMRAM 00003B
?_frexp                   cstackCOMRAM 000001
?_log                     cstackCOMRAM 000047
?_temperature_get         cstackCOMRAM 00004C
_ADCON0bits               (abs)        000FC2
_ADCON1bits               (abs)        000FC1
_ADCON2bits               (abs)        000FC0
_ADC_RESOLUTION           smallconst   000801
_ADRESH                   (abs)        000FC4
_ADRESL                   (abs)        000FC3
_ANSELAbits               (abs)        000F5B
_CCP1CON                  (abs)        000FBD
_CCPR1L                   (abs)        000FBE
_PR2                      (abs)        000FBB
_T2CON                    (abs)        000FBA
_TRISAbits                (abs)        000F92
_TRISCbits                (abs)        000F94
__CFG_CPUDIV$NOCLKDIV     (abs)        000000
__CFG_FOSC$INTOSCIO       (abs)        000000
__CFG_MCLRE$ON            (abs)        000000
__CFG_PBADEN$OFF          (abs)        000000
__CFG_WDTEN$OFF           (abs)        000000
__HRAM                    (abs)        000000
__Habs1                   abs1         000000
__Hbank0                  bank0        000000
__Hbank1                  bank1        000000
__Hbank2                  bank2        000000
__Hbank3                  bank3        000000
__Hbank4                  bank4        000000
__Hbank5                  bank5        000000
__Hbank6                  bank6        000000
__Hbank7                  bank7        000000
__Hbigbss                 bigbss       000000
__Hbigdata                bigdata      000000
__Hbigram                 bigram       000000
__Hbss                    bss          000000
__HbssCOMRAM              bssCOMRAM    000000
__Hcinit                  cinit        000000
__Hclrtext                clrtext      000000
__Hcomram                 comram       000000
__Hconfig                 config       30000E
__Hconst                  const        000000
__HcstackBANK0            cstackBANK0  000000
__HcstackCOMRAM           cstackCOMRAM 000000
__Hdata                   data         000000
__Heeprom_data            eeprom_data  000000
__Hend_init               end_init     000004
__Hfarbss                 farbss       000000
__Hfardata                fardata      000000
__Hibigdata               ibigdata     000000
__Hidata                  idata        000000
__Hidloc                  idloc        200008
__Hifardata               ifardata     000000
__Hinit                   init         000000
__Hintcode                intcode      000000
__Hintcode_body           intcode_body 000000
__Hintcodelo              intcodelo    000000
__Hintentry               intentry     000000
__Hintret                 intret       000000
__Hintsave_regs           intsave_regs 000000
__Hirdata                 irdata       000000
__Hmediumconst            mediumconst  000000
__HnvFARRAM               nvFARRAM     000000
__Hnvbit                  nvbit        000000
__Hnvrram                 nvrram       000000
__Hparam                  rparam       000000
__Hpowerup                powerup      000000
__Hram                    ram          000000
__Hramtop                 ramtop       000800
__Hrbit                   rbit         000000
__Hrbss                   rbss         000000
__Hrdata                  rdata        000000
__Hreset_vec              reset_vec    000000
__Hrparam                 rparam       000000
__Hsfr                    sfr          000000
__Hsmallconst             smallconst   000820
__Hstack                  stack        000000
__Hstruct                 struct       000000
__Htemp                   temp         000000
__Htext                   text         000000
__Htext0                  text0        000000
__Htext1                  text1        000000
__Htext10                 text10       000000
__Htext11                 text11       000000
__Htext12                 text12       000000
__Htext13                 text13       000000
__Htext14                 text14       000000
__Htext15                 text15       000000
__Htext16                 text16       000000
__Htext2                  text2        000000
__Htext3                  text3        000000
__Htext4                  text4        000000
__Htext5                  text5        000000
__Htext6                  text6        000000
__Htext7                  text7        000000
__Htext8                  text8        000000
__Htext9                  text9        000000
__LRAM                    (abs)        000001
__Labs1                   abs1         000000
__Lbank0                  bank0        000000
__Lbank1                  bank1        000000
__Lbank2                  bank2        000000
__Lbank3                  bank3        000000
__Lbank4                  bank4        000000
__Lbank5                  bank5        000000
__Lbank6                  bank6        000000
__Lbank7                  bank7        000000
__Lbigbss                 bigbss       000000
__Lbigdata                bigdata      000000
__Lbigram                 bigram       000000
__Lbss                    bss          000000
__LbssCOMRAM              bssCOMRAM    000000
__Lcinit                  cinit        000000
__Lclrtext                clrtext      000000
__Lcomram                 comram       000000
__Lconfig                 config       300000
__Lconst                  const        000000
__LcstackBANK0            cstackBANK0  000000
__LcstackCOMRAM           cstackCOMRAM 000000
__Ldata                   data         000000
__Leeprom_data            eeprom_data  000000
__Lend_init               end_init     000000
__Lfarbss                 farbss       000000
__Lfardata                fardata      000000
__Libigdata               ibigdata     000000
__Lidata                  idata        000000
__Lidloc                  idloc        200000
__Lifardata               ifardata     000000
__Linit                   init         000000
__Lintcode                intcode      000000
__Lintcode_body           intcode_body 000000
__Lintcodelo              intcodelo    000000
__Lintentry               intentry     000000
__Lintret                 intret       000000
__Lintsave_regs           intsave_regs 000000
__Lirdata                 irdata       000000
__Lmediumconst            mediumconst  000000
__LnvFARRAM               nvFARRAM     000000
__Lnvbit                  nvbit        000000
__Lnvrram                 nvrram       000000
__Lparam                  rparam       000000
__Lpowerup                powerup      000000
__Lram                    ram          000000
__Lramtop                 ramtop       000800
__Lrbit                   rbit         000000
__Lrbss                   rbss         000000
__Lrdata                  rdata        000000
__Lreset_vec              reset_vec    000000
__Lrparam                 rparam       000000
__Lsfr                    sfr          000000
__Lsmallconst             smallconst   000800
__Lstack                  stack        000000
__Lstruct                 struct       000000
__Ltemp                   temp         000000
__Ltext                   text         000000
__Ltext0                  text0        000000
__Ltext1                  text1        000000
__Ltext10                 text10       000000
__Ltext11                 text11       000000
__Ltext12                 text12       000000
__Ltext13                 text13       000000
__Ltext14                 text14       000000
__Ltext15                 text15       000000
__Ltext16                 text16       000000
__Ltext2                  text2        000000
__Ltext3                  text3        000000
__Ltext4                  text4        000000
__Ltext5                  text5        000000
__Ltext6                  text6        000000
__Ltext7                  text7        000000
__Ltext8                  text8        000000
__Ltext9                  text9        000000
__S0                      (abs)        30000E
__S1                      (abs)        000078
__S2                      (abs)        000000
___awtoft                 text8        0013E8
___awtoft@c               cstackCOMRAM 000009
___awtoft@sign            cstackCOMRAM 00000D
___ftadd                  text7        000C86
___ftadd@exp1             cstackCOMRAM 00001C
___ftadd@exp2             cstackCOMRAM 00001B
___ftadd@f1               cstackCOMRAM 000011
___ftadd@f2               cstackCOMRAM 000014
___ftadd@sign             cstackCOMRAM 00001A
___ftdiv                  text12       001064
___ftdiv@cntr             cstackCOMRAM 000026
___ftdiv@exp              cstackCOMRAM 00002A
___ftdiv@f1               cstackCOMRAM 00001D
___ftdiv@f2               cstackCOMRAM 000020
___ftdiv@f3               cstackCOMRAM 000027
___ftdiv@sign             cstackCOMRAM 00002B
___ftge                   text16       001358
___ftge@ff1               cstackCOMRAM 000001
___ftge@ff2               cstackCOMRAM 000004
___ftmul                  text6        000F6C
___ftmul@cntr             cstackCOMRAM 000039
___ftmul@exp              cstackCOMRAM 000035
___ftmul@f1               cstackCOMRAM 00002C
___ftmul@f2               cstackCOMRAM 00002F
___ftmul@f3_as_product    cstackCOMRAM 000036
___ftmul@sign             cstackCOMRAM 00003A
___ftneg                  text11       0014D2
___ftneg@f1               cstackCOMRAM 00000E
___ftpack                 text13       00121C
___ftpack@arg             cstackCOMRAM 000001
___ftpack@exp             cstackCOMRAM 000004
___ftpack@sign            cstackCOMRAM 000005
___inthi_sp               stack        000000
___intlo_sp               stack        000000
___lwtoft                 text10       0014A6
___lwtoft@c               cstackCOMRAM 000009
___sp                     stack        000000
___wmul                   text5        00143C
___wmul@multiplicand      cstackCOMRAM 000003
___wmul@multiplier        cstackCOMRAM 000001
___wmul@product           cstackCOMRAM 000005
__accesstop               (abs)        000060
__activetblptr            (abs)        000002
__end_of_ADC_RESOLUTION   smallconst   000804
__end_of___awtoft         text8        00143C
__end_of___ftadd          text7        000E3E
__end_of___ftdiv          text12       00114A
__end_of___ftge           text16       0013E8
__end_of___ftmul          text6        001064
__end_of___ftneg          text11       0014F8
__end_of___ftpack         text13       0012C4
__end_of___lwtoft         text10       0014D2
__end_of___wmul           text5        001476
__end_of__initialization  cinit        00152E
__end_of_adc_convert      text9        0014A6
__end_of_configure_adc    text15       001518
__end_of_configure_pwm    text14       00152A
__end_of_eval_poly        text4        00121C
__end_of_frexp            text3        001358
__end_of_log              text2        000F6C
__end_of_main             text0        000C86
__end_of_temperature_get  text1        000A76
__end_oflog@coeff         smallconst   00081F
__initialization          cinit        00152A
__mediumconst             mediumconst  000000
__pbssCOMRAM              bssCOMRAM    000052
__pcinit                  cinit        00152A
__pcstackBANK0            cstackBANK0  000060
__pcstackCOMRAM           cstackCOMRAM 000001
__psmallconst             smallconst   000800
__ptext0                  text0        000A76
__ptext1                  text1        000820
__ptext10                 text10       0014A6
__ptext11                 text11       0014D2
__ptext12                 text12       001064
__ptext13                 text13       00121C
__ptext14                 text14       001518
__ptext15                 text15       0014F8
__ptext16                 text16       001358
__ptext2                  text2        000E3E
__ptext3                  text3        0012C4
__ptext4                  text4        00114A
__ptext5                  text5        00143C
__ptext6                  text6        000F6C
__ptext7                  text7        000C86
__ptext8                  text8        0013E8
__ptext9                  text9        001476
__ramtop                  ramtop       000800
__size_of___awtoft        (abs)        000000
__size_of___ftadd         (abs)        000000
__size_of___ftdiv         (abs)        000000
__size_of___ftge          (abs)        000000
__size_of___ftmul         (abs)        000000
__size_of___ftneg         (abs)        000000
__size_of___ftpack        (abs)        000000
__size_of___lwtoft        (abs)        000000
__size_of___wmul          (abs)        000000
__size_of_adc_convert     (abs)        000000
__size_of_configure_adc   (abs)        000000
__size_of_configure_pwm   (abs)        000000
__size_of_eval_poly       (abs)        000000
__size_of_frexp           (abs)        000000
__size_of_log             (abs)        000000
__size_of_main            (abs)        000000
__size_of_temperature_get (abs)        000000
__smallconst              smallconst   000800
_adc_convert              text9        001476
_configure_adc            text15       0014F8
_configure_pwm            text14       001518
_errno                    bssCOMRAM    000052
_eval_poly                text4        00114A
_frexp                    text3        0012C4
_log                      text2        000E3E
_main                     text0        000A76
_temperature_get          text1        000820
_temperature_get$889      cstackBANK0  000066
_temperature_get$890      cstackBANK0  000069
adc_convert@channel       cstackCOMRAM 000001
end_of_initialization     cinit        00152E
eval_poly@d               cstackCOMRAM 00003E
eval_poly@n               cstackCOMRAM 000040
eval_poly@res             cstackCOMRAM 000044
eval_poly@x               cstackCOMRAM 00003B
frexp@eptr                cstackCOMRAM 000004
frexp@value               cstackCOMRAM 000001
intlevel0                 text         000000
intlevel1                 text         000000
intlevel2                 text         000000
intlevel3                 text         000000
log@coeff                 smallconst   000804
log@exponent              cstackCOMRAM 00004A
log@x                     cstackCOMRAM 000047
main@temp                 cstackCOMRAM 00004F
stackhi                   (abs)        0007FF
stacklo                   (abs)        000078
start                     init         000000
start_initialization      cinit        00152A
temperature_get@Bth       cstackBANK0  000073
temperature_get@R1        cstackBANK0  00006C
temperature_get@R2        cstackBANK0  000071
temperature_get@Rth       cstackBANK0  000063
temperature_get@Tn        cstackBANK0  00006E
temperature_get@Vout      cstackBANK0  000060
temperature_get@sensor    cstackCOMRAM 00004C
temperature_get@temp      cstackBANK0  000075


FUNCTION INFORMATION:

 *************** function _main *****************
 Defined at:
		line 53 in file "ntc_test.c"
 Parameters:    Size  Location     Type
		None
 Auto vars:     Size  Location     Type
  temp            3   78[COMRAM] float 
 Return value:  Size  Location     Type
		None               void
 Registers used:
		wreg, fsr2l, fsr2h, status,2, status,0, tblptrl, tblptrh, tblptru, prodl, prodh, cstack
 Tracked objects:
		On entry : 
		On exit  : 
		Unchanged: 
 Data sizes:     COMRAM   BANK0   BANK1   BANK2   BANK3   BANK4   BANK5   BANK6   BANK7
      Params:         0       0       0       0       0       0       0       0       0
      Locals:         3       0       0       0       0       0       0       0       0
      Temps:          0       0       0       0       0       0       0       0       0
      Totals:         3       0       0       0       0       0       0       0       0
Total ram usage:        3 bytes
 Hardware stack levels required when called:    5
 This function calls:
		___ftge
		_configure_adc
		_configure_pwm
		_temperature_get
 This function is called by:
		Startup code after reset
 This function uses a non-reentrant model


 *************** function _temperature_get *****************
 Defined at:
		line 25 in file "ntc_temperature.h"
 Parameters:    Size  Location     Type
  sensor          2   75[COMRAM] int 
 Auto vars:     Size  Location     Type
  temp            3   21[BANK0 ] float 
  Tn              3   14[BANK0 ] float 
  Rth             3    3[BANK0 ] float 
  Vout            3    0[BANK0 ] float 
  Bth             2   19[BANK0 ] unsigned int 
  R2              2   17[BANK0 ] unsigned int 
  R1              2   12[BANK0 ] unsigned int 
 Return value:  Size  Location     Type
                  3   75[COMRAM] float 
 Registers used:
		wreg, fsr2l, fsr2h, status,2, status,0, tblptrl, tblptrh, tblptru, prodl, prodh, cstack
 Tracked objects:
		On entry : 
		On exit  : 
		Unchanged: 
 Data sizes:     COMRAM   BANK0   BANK1   BANK2   BANK3   BANK4   BANK5   BANK6   BANK7
      Params:         3       0       0       0       0       0       0       0       0
      Locals:         0      24       0       0       0       0       0       0       0
      Temps:          0       0       0       0       0       0       0       0       0
      Totals:         3      24       0       0       0       0       0       0       0
Total ram usage:       27 bytes
 Hardware stack levels used:    1
 Hardware stack levels required when called:    4
 This function calls:
		___ftadd
		___ftdiv
		___ftmul
		___ftneg
		___lwtoft
		___wmul
		_adc_convert
		_log
 This function is called by:
		_main
 This function uses a non-reentrant model


 *************** function _log *****************
 Defined at:
		line 5 in file "/opt/microchip/xc8/v1.31/sources/common/log.c"
 Parameters:    Size  Location     Type
  x               3   70[COMRAM] float 
 Auto vars:     Size  Location     Type
  exponent        2   73[COMRAM] int 
 Return value:  Size  Location     Type
                  3   70[COMRAM] int 
 Registers used:
		wreg, fsr2l, fsr2h, status,2, status,0, tblptrl, tblptrh, tblptru, prodl, prodh, cstack
 Tracked objects:
		On entry : 
		On exit  : 
		Unchanged: 
 Data sizes:     COMRAM   BANK0   BANK1   BANK2   BANK3   BANK4   BANK5   BANK6   BANK7
      Params:         3       0       0       0       0       0       0       0       0
      Locals:         2       0       0       0       0       0       0       0       0
      Temps:          0       0       0       0       0       0       0       0       0
      Totals:         5       0       0       0       0       0       0       0       0
Total ram usage:        5 bytes
 Hardware stack levels used:    1
 Hardware stack levels required when called:    3
 This function calls:
		___awtoft
		___ftadd
		___ftmul
		_eval_poly
		_frexp
 This function is called by:
		_temperature_get
 This function uses a non-reentrant model


 *************** function _frexp *****************
 Defined at:
		line 254 in file "/opt/microchip/xc8/v1.31/sources/common/frexp.c"
 Parameters:    Size  Location     Type
  value           3    0[COMRAM] int 
  eptr            2    3[COMRAM] PTR int 
		 -> log@exponent(2), 
 Auto vars:     Size  Location     Type
		None
 Return value:  Size  Location     Type
                  3    0[COMRAM] PTR int 
 Registers used:
		wreg, fsr2l, fsr2h, status,2, status,0
 Tracked objects:
		On entry : 
		On exit  : 
		Unchanged: 
 Data sizes:     COMRAM   BANK0   BANK1   BANK2   BANK3   BANK4   BANK5   BANK6   BANK7
      Params:         5       0       0       0       0       0       0       0       0
      Locals:         0       0       0       0       0       0       0       0       0
      Temps:          3       0       0       0       0       0       0       0       0
      Totals:         8       0       0       0       0       0       0       0       0
Total ram usage:        8 bytes
 Hardware stack levels used:    1
 This function calls:
		Nothing
 This function is called by:
		_log
 This function uses a non-reentrant model


 *************** function _eval_poly *****************
 Defined at:
		line 4 in file "/opt/microchip/xc8/v1.31/sources/common/evalpoly.c"
 Parameters:    Size  Location     Type
  x               3   58[COMRAM] PTR int 
  d               2   61[COMRAM] PTR const 
		 -> log@coeff(27), 
  n               2   63[COMRAM] int 
 Auto vars:     Size  Location     Type
  res             3   67[COMRAM] int 
 Return value:  Size  Location     Type
                  3   58[COMRAM] int 
 Registers used:
		wreg, status,2, status,0, tblptrl, tblptrh, tblptru, prodl, prodh, cstack
 Tracked objects:
		On entry : 
		On exit  : 
		Unchanged: 
 Data sizes:     COMRAM   BANK0   BANK1   BANK2   BANK3   BANK4   BANK5   BANK6   BANK7
      Params:         7       0       0       0       0       0       0       0       0
      Locals:         3       0       0       0       0       0       0       0       0
      Temps:          2       0       0       0       0       0       0       0       0
      Totals:        12       0       0       0       0       0       0       0       0
Total ram usage:       12 bytes
 Hardware stack levels used:    1
 Hardware stack levels required when called:    2
 This function calls:
		___ftadd
		___ftmul
		___wmul
 This function is called by:
		_log
 This function uses a non-reentrant model


 *************** function ___wmul *****************
 Defined at:
		line 3 in file "/opt/microchip/xc8/v1.31/sources/common/wmul.c"
 Parameters:    Size  Location     Type
  multiplier      2    0[COMRAM] unsigned int 
  multiplicand    2    2[COMRAM] unsigned int 
 Auto vars:     Size  Location     Type
  product         2    4[COMRAM] unsigned int 
 Return value:  Size  Location     Type
                  2    0[COMRAM] unsigned int 
 Registers used:
		wreg, status,2, status,0, prodl, prodh
 Tracked objects:
		On entry : 
		On exit  : 
		Unchanged: 
 Data sizes:     COMRAM   BANK0   BANK1   BANK2   BANK3   BANK4   BANK5   BANK6   BANK7
      Params:         4       0       0       0       0       0       0       0       0
      Locals:         2       0       0       0       0       0       0       0       0
      Temps:          0       0       0       0       0       0       0       0       0
      Totals:         6       0       0       0       0       0       0       0       0
Total ram usage:        6 bytes
 Hardware stack levels used:    1
 This function calls:
		Nothing
 This function is called by:
		_temperature_get
		_eval_poly
 This function uses a non-reentrant model


 *************** function ___ftmul *****************
 Defined at:
		line 51 in file "/opt/microchip/xc8/v1.31/sources/common/ftmul.c"
 Parameters:    Size  Location     Type
  f1              3   43[COMRAM] float 
  f2              3   46[COMRAM] float 
 Auto vars:     Size  Location     Type
  f3_as_produc    3   53[COMRAM] unsigned um
  sign            1   57[COMRAM] unsigned char 
  cntr            1   56[COMRAM] unsigned char 
  exp             1   52[COMRAM] unsigned char 
 Return value:  Size  Location     Type
                  3   43[COMRAM] float 
 Registers used:
		wreg, status,2, status,0, cstack
 Tracked objects:
		On entry : 
		On exit  : 
		Unchanged: 
 Data sizes:     COMRAM   BANK0   BANK1   BANK2   BANK3   BANK4   BANK5   BANK6   BANK7
      Params:         6       0       0       0       0       0       0       0       0
      Locals:         6       0       0       0       0       0       0       0       0
      Temps:          3       0       0       0       0       0       0       0       0
      Totals:        15       0       0       0       0       0       0       0       0
Total ram usage:       15 bytes
 Hardware stack levels used:    1
 Hardware stack levels required when called:    1
 This function calls:
		___ftpack
 This function is called by:
		_temperature_get
		_log
		_eval_poly
 This function uses a non-reentrant model


 *************** function ___ftadd *****************
 Defined at:
		line 86 in file "/opt/microchip/xc8/v1.31/sources/common/ftadd.c"
 Parameters:    Size  Location     Type
  f1              3   16[COMRAM] float 
  f2              3   19[COMRAM] float 
 Auto vars:     Size  Location     Type
  exp1            1   27[COMRAM] unsigned char 
  exp2            1   26[COMRAM] unsigned char 
  sign            1   25[COMRAM] unsigned char 
 Return value:  Size  Location     Type
                  3   16[COMRAM] float 
 Registers used:
		wreg, status,2, status,0, cstack
 Tracked objects:
		On entry : 
		On exit  : 
		Unchanged: 
 Data sizes:     COMRAM   BANK0   BANK1   BANK2   BANK3   BANK4   BANK5   BANK6   BANK7
      Params:         6       0       0       0       0       0       0       0       0
      Locals:         3       0       0       0       0       0       0       0       0
      Temps:          3       0       0       0       0       0       0       0       0
      Totals:        12       0       0       0       0       0       0       0       0
Total ram usage:       12 bytes
 Hardware stack levels used:    1
 Hardware stack levels required when called:    1
 This function calls:
		___ftpack
 This function is called by:
		_temperature_get
		_log
		_eval_poly
 This function uses a non-reentrant model


 *************** function ___awtoft *****************
 Defined at:
		line 32 in file "/opt/microchip/xc8/v1.31/sources/common/awtoft.c"
 Parameters:    Size  Location     Type
  c               2    8[COMRAM] int 
 Auto vars:     Size  Location     Type
  sign            1   12[COMRAM] unsigned char 
 Return value:  Size  Location     Type
                  3    8[COMRAM] float 
 Registers used:
		wreg, status,2, status,0, prodl, cstack
 Tracked objects:
		On entry : 
		On exit  : 
		Unchanged: 
 Data sizes:     COMRAM   BANK0   BANK1   BANK2   BANK3   BANK4   BANK5   BANK6   BANK7
      Params:         3       0       0       0       0       0       0       0       0
      Locals:         1       0       0       0       0       0       0       0       0
      Temps:          1       0       0       0       0       0       0       0       0
      Totals:         5       0       0       0       0       0       0       0       0
Total ram usage:        5 bytes
 Hardware stack levels used:    1
 Hardware stack levels required when called:    1
 This function calls:
		___ftpack
 This function is called by:
		_log
 This function uses a non-reentrant model


 *************** function _adc_convert *****************
 Defined at:
		line 12 in file "ntc_temperature.h"
 Parameters:    Size  Location     Type
  channel         2    0[COMRAM] int 
 Auto vars:     Size  Location     Type
		None
 Return value:  Size  Location     Type
                  2    0[COMRAM] unsigned int 
 Registers used:
		wreg, status,2, status,0
 Tracked objects:
		On entry : 
		On exit  : 
		Unchanged: 
 Data sizes:     COMRAM   BANK0   BANK1   BANK2   BANK3   BANK4   BANK5   BANK6   BANK7
      Params:         2       0       0       0       0       0       0       0       0
      Locals:         0       0       0       0       0       0       0       0       0
      Temps:          2       0       0       0       0       0       0       0       0
      Totals:         4       0       0       0       0       0       0       0       0
Total ram usage:        4 bytes
 Hardware stack levels used:    1
 This function calls:
		Nothing
 This function is called by:
		_temperature_get
 This function uses a non-reentrant model


 *************** function ___lwtoft *****************
 Defined at:
		line 28 in file "/opt/microchip/xc8/v1.31/sources/common/lwtoft.c"
 Parameters:    Size  Location     Type
  c               2    8[COMRAM] unsigned int 
 Auto vars:     Size  Location     Type
		None
 Return value:  Size  Location     Type
                  3    8[COMRAM] float 
 Registers used:
		wreg, status,2, status,0, cstack
 Tracked objects:
		On entry : 
		On exit  : 
		Unchanged: 
 Data sizes:     COMRAM   BANK0   BANK1   BANK2   BANK3   BANK4   BANK5   BANK6   BANK7
      Params:         3       0       0       0       0       0       0       0       0
      Locals:         0       0       0       0       0       0       0       0       0
      Temps:          2       0       0       0       0       0       0       0       0
      Totals:         5       0       0       0       0       0       0       0       0
Total ram usage:        5 bytes
 Hardware stack levels used:    1
 Hardware stack levels required when called:    1
 This function calls:
		___ftpack
 This function is called by:
		_temperature_get
 This function uses a non-reentrant model


 *************** function ___ftneg *****************
 Defined at:
		line 15 in file "/opt/microchip/xc8/v1.31/sources/common/ftneg.c"
 Parameters:    Size  Location     Type
  f1              3   13[COMRAM] float 
 Auto vars:     Size  Location     Type
		None
 Return value:  Size  Location     Type
                  3   13[COMRAM] float 
 Registers used:
		wreg, status,2, status,0
 Tracked objects:
		On entry : 
		On exit  : 
		Unchanged: 
 Data sizes:     COMRAM   BANK0   BANK1   BANK2   BANK3   BANK4   BANK5   BANK6   BANK7
      Params:         3       0       0       0       0       0       0       0       0
      Locals:         0       0       0       0       0       0       0       0       0
      Temps:          0       0       0       0       0       0       0       0       0
      Totals:         3       0       0       0       0       0       0       0       0
Total ram usage:        3 bytes
 Hardware stack levels used:    1
 This function calls:
		Nothing
 This function is called by:
		_temperature_get
 This function uses a non-reentrant model


 *************** function ___ftdiv *****************
 Defined at:
		line 49 in file "/opt/microchip/xc8/v1.31/sources/common/ftdiv.c"
 Parameters:    Size  Location     Type
  f1              3   28[COMRAM] float 
  f2              3   31[COMRAM] float 
 Auto vars:     Size  Location     Type
  f3              3   38[COMRAM] float 
  sign            1   42[COMRAM] unsigned char 
  exp             1   41[COMRAM] unsigned char 
  cntr            1   37[COMRAM] unsigned char 
 Return value:  Size  Location     Type
                  3   28[COMRAM] float 
 Registers used:
		wreg, status,2, status,0, cstack
 Tracked objects:
		On entry : 
		On exit  : 
		Unchanged: 
 Data sizes:     COMRAM   BANK0   BANK1   BANK2   BANK3   BANK4   BANK5   BANK6   BANK7
      Params:         6       0       0       0       0       0       0       0       0
      Locals:         6       0       0       0       0       0       0       0       0
      Temps:          3       0       0       0       0       0       0       0       0
      Totals:        15       0       0       0       0       0       0       0       0
Total ram usage:       15 bytes
 Hardware stack levels used:    1
 Hardware stack levels required when called:    1
 This function calls:
		___ftpack
 This function is called by:
		_temperature_get
 This function uses a non-reentrant model


 *************** function ___ftpack *****************
 Defined at:
		line 62 in file "/opt/microchip/xc8/v1.31/sources/common/float.c"
 Parameters:    Size  Location     Type
  arg             3    0[COMRAM] unsigned um
  exp             1    3[COMRAM] unsigned char 
  sign            1    4[COMRAM] unsigned char 
 Auto vars:     Size  Location     Type
		None
 Return value:  Size  Location     Type
                  3    0[COMRAM] float 
 Registers used:
		wreg, status,2, status,0
 Tracked objects:
		On entry : 
		On exit  : 
		Unchanged: 
 Data sizes:     COMRAM   BANK0   BANK1   BANK2   BANK3   BANK4   BANK5   BANK6   BANK7
      Params:         5       0       0       0       0       0       0       0       0
      Locals:         0       0       0       0       0       0       0       0       0
      Temps:          3       0       0       0       0       0       0       0       0
      Totals:         8       0       0       0       0       0       0       0       0
Total ram usage:        8 bytes
 Hardware stack levels used:    1
 This function calls:
		Nothing
 This function is called by:
		___awtoft
		___ftadd
		___ftdiv
		___ftmul
		___lwtoft
 This function uses a non-reentrant model


 *************** function _configure_pwm *****************
 Defined at:
		line 43 in file "ntc_test.c"
 Parameters:    Size  Location     Type
		None
 Auto vars:     Size  Location     Type
		None
 Return value:  Size  Location     Type
		None               void
 Registers used:
		wreg, status,2
 Tracked objects:
		On entry : 
		On exit  : 
		Unchanged: 
 Data sizes:     COMRAM   BANK0   BANK1   BANK2   BANK3   BANK4   BANK5   BANK6   BANK7
      Params:         0       0       0       0       0       0       0       0       0
      Locals:         0       0       0       0       0       0       0       0       0
      Temps:          0       0       0       0       0       0       0       0       0
      Totals:         0       0       0       0       0       0       0       0       0
Total ram usage:        0 bytes
 Hardware stack levels used:    1
 This function calls:
		Nothing
 This function is called by:
		_main
 This function uses a non-reentrant model


 *************** function _configure_adc *****************
 Defined at:
		line 25 in file "ntc_test.c"
 Parameters:    Size  Location     Type
		None
 Auto vars:     Size  Location     Type
		None
 Return value:  Size  Location     Type
		None               void
 Registers used:
		wreg, status,2
 Tracked objects:
		On entry : 
		On exit  : 
		Unchanged: 
 Data sizes:     COMRAM   BANK0   BANK1   BANK2   BANK3   BANK4   BANK5   BANK6   BANK7
      Params:         0       0       0       0       0       0       0       0       0
      Locals:         0       0       0       0       0       0       0       0       0
      Temps:          0       0       0       0       0       0       0       0       0
      Totals:         0       0       0       0       0       0       0       0       0
Total ram usage:        0 bytes
 Hardware stack levels used:    1
 This function calls:
		Nothing
 This function is called by:
		_main
 This function uses a non-reentrant model


 *************** function ___ftge *****************
 Defined at:
		line 4 in file "/opt/microchip/xc8/v1.31/sources/common/ftge.c"
 Parameters:    Size  Location     Type
  ff1             3    0[COMRAM] float 
  ff2             3    3[COMRAM] float 
 Auto vars:     Size  Location     Type
		None
 Return value:  Size  Location     Type
		None               void
 Registers used:
		wreg, status,2, status,0
 Tracked objects:
		On entry : 
		On exit  : 
		Unchanged: 
 Data sizes:     COMRAM   BANK0   BANK1   BANK2   BANK3   BANK4   BANK5   BANK6   BANK7
      Params:         6       0       0       0       0       0       0       0       0
      Locals:         0       0       0       0       0       0       0       0       0
      Temps:          3       0       0       0       0       0       0       0       0
      Totals:         9       0       0       0       0       0       0       0       0
Total ram usage:        9 bytes
 Hardware stack levels used:    1
 This function calls:
		Nothing
 This function is called by:
		_main
 This function uses a non-reentrant model



MODULE INFORMATION

Module		Function		Class		Link	Load	Size
ntc_temperature.h
		_adc_convert   		CODE           	1476	0000	48
		_temperature_ge		CODE           	0820	0000	598

ntc_temperature.h estimated size: 646

/opt/microchip/xc8/v1.31/sources/common/log.c
		_log           		CODE           	0E3E	0000	302

/opt/microchip/xc8/v1.31/sources/common/log.c estimated size: 302

/opt/microchip/xc8/v1.31/sources/common/awtoft.c
		___awtoft      		CODE           	13E8	0000	84

/opt/microchip/xc8/v1.31/sources/common/awtoft.c estimated size: 84

/opt/microchip/xc8/v1.31/sources/common/ftadd.c
		___ftadd       		CODE           	0C86	0000	440

/opt/microchip/xc8/v1.31/sources/common/ftadd.c estimated size: 440

shared
		_ADC_RESOLUTION		SMALLCONST     	0801	0000	3
		__initializatio		CODE           	152A	0000	4
		log@coeff      		SMALLCONST     	0804	0000	27

shared estimated size: 34

/opt/microchip/xc8/v1.31/sources/common/float.c
		___ftpack      		CODE           	121C	0000	168

/opt/microchip/xc8/v1.31/sources/common/float.c estimated size: 168

/opt/microchip/xc8/v1.31/sources/common/lwtoft.c
		___lwtoft      		CODE           	14A6	0000	44

/opt/microchip/xc8/v1.31/sources/common/lwtoft.c estimated size: 44

/opt/microchip/xc8/v1.31/sources/common/frexp.c
		_frexp         		CODE           	12C4	0000	148

/opt/microchip/xc8/v1.31/sources/common/frexp.c estimated size: 148

/opt/microchip/xc8/v1.31/sources/common/evalpoly.c
		_eval_poly     		CODE           	114A	0000	210

/opt/microchip/xc8/v1.31/sources/common/evalpoly.c estimated size: 210

ntc_test.c
		_configure_adc 		CODE           	14F8	0000	32
		_configure_pwm 		CODE           	1518	0000	18
		_main          		CODE           	0A76	0000	528

ntc_test.c estimated size: 578

/opt/microchip/xc8/v1.31/sources/common/ftdiv.c
		___ftdiv       		CODE           	1064	0000	230

/opt/microchip/xc8/v1.31/sources/common/ftdiv.c estimated size: 230

/opt/microchip/xc8/v1.31/sources/common/ftneg.c
		___ftneg       		CODE           	14D2	0000	38

/opt/microchip/xc8/v1.31/sources/common/ftneg.c estimated size: 38

/opt/microchip/xc8/v1.31/sources/common/ftge.c
		___ftge        		CODE           	1358	0000	144

/opt/microchip/xc8/v1.31/sources/common/ftge.c estimated size: 144

/opt/microchip/xc8/v1.31/sources/common/wmul.c
		___wmul        		CODE           	143C	0000	58

/opt/microchip/xc8/v1.31/sources/common/wmul.c estimated size: 58

/opt/microchip/xc8/v1.31/sources/common/ftmul.c
		___ftmul       		CODE           	0F6C	0000	248

/opt/microchip/xc8/v1.31/sources/common/ftmul.c estimated size: 248

